// Jest Snapshot v1, https://goo.gl/fbAQLP

exports[`<ControlBar /> should render properly without crashing 1`] = `
ShallowWrapper {
  "length": 1,
  Symbol(enzyme.__root__): [Circular],
  Symbol(enzyme.__unrendered__): <ControlBar />,
  Symbol(enzyme.__renderer__): Object {
    "batchedUpdates": [Function],
    "getNode": [Function],
    "render": [Function],
    "simulateEvent": [Function],
    "unmount": [Function],
  },
  Symbol(enzyme.__node__): Object {
    "instance": null,
    "key": undefined,
    "nodeType": "function",
    "props": Object {
      "children": Array [
        <BpkGridRow
          className={null}
          padded={true}
        >
          <BpkGridColumn
            className={null}
            debug={false}
            mobileOffset={null}
            mobileWidth={null}
            offset={null}
            padded={true}
            tabletOffset={null}
            tabletWidth={null}
            width={2}
          >
            Filter
          </BpkGridColumn>
          <BpkGridColumn
            className={null}
            debug={false}
            mobileOffset={null}
            mobileWidth={null}
            offset={null}
            padded={true}
            tabletOffset={null}
            tabletWidth={null}
            width={2}
          >
            Sort
          </BpkGridColumn>
          <BpkGridColumn
            className={null}
            debug={false}
            mobileOffset={null}
            mobileWidth={null}
            offset={3}
            padded={true}
            tabletOffset={null}
            tabletWidth={null}
            width={5}
          >
            <span
              className="control-bar__price-alert"
            >
              <Unknown
                className="icon__price-alert"
              />
              Price alerts
            </span>
          </BpkGridColumn>
        </BpkGridRow>,
        "u",
      ],
      "className": "control-bar",
      "debug": false,
      "fullWidth": false,
    },
    "ref": null,
    "rendered": Array [
      Object {
        "instance": null,
        "key": undefined,
        "nodeType": "function",
        "props": Object {
          "children": Array [
            <BpkGridColumn
              className={null}
              debug={false}
              mobileOffset={null}
              mobileWidth={null}
              offset={null}
              padded={true}
              tabletOffset={null}
              tabletWidth={null}
              width={2}
            >
              Filter
            </BpkGridColumn>,
            <BpkGridColumn
              className={null}
              debug={false}
              mobileOffset={null}
              mobileWidth={null}
              offset={null}
              padded={true}
              tabletOffset={null}
              tabletWidth={null}
              width={2}
            >
              Sort
            </BpkGridColumn>,
            <BpkGridColumn
              className={null}
              debug={false}
              mobileOffset={null}
              mobileWidth={null}
              offset={3}
              padded={true}
              tabletOffset={null}
              tabletWidth={null}
              width={5}
            >
              <span
                className="control-bar__price-alert"
              >
                <Unknown
                  className="icon__price-alert"
                />
                Price alerts
              </span>
            </BpkGridColumn>,
          ],
          "className": null,
          "padded": true,
        },
        "ref": null,
        "rendered": Array [
          Object {
            "instance": null,
            "key": undefined,
            "nodeType": "function",
            "props": Object {
              "children": "Filter",
              "className": null,
              "debug": false,
              "mobileOffset": null,
              "mobileWidth": null,
              "offset": null,
              "padded": true,
              "tabletOffset": null,
              "tabletWidth": null,
              "width": 2,
            },
            "ref": null,
            "rendered": "Filter",
            "type": [Function],
          },
          Object {
            "instance": null,
            "key": undefined,
            "nodeType": "function",
            "props": Object {
              "children": "Sort",
              "className": null,
              "debug": false,
              "mobileOffset": null,
              "mobileWidth": null,
              "offset": null,
              "padded": true,
              "tabletOffset": null,
              "tabletWidth": null,
              "width": 2,
            },
            "ref": null,
            "rendered": "Sort",
            "type": [Function],
          },
          Object {
            "instance": null,
            "key": undefined,
            "nodeType": "function",
            "props": Object {
              "children": <span
                className="control-bar__price-alert"
              >
                <Unknown
                  className="icon__price-alert"
                />
                Price alerts
              </span>,
              "className": null,
              "debug": false,
              "mobileOffset": null,
              "mobileWidth": null,
              "offset": 3,
              "padded": true,
              "tabletOffset": null,
              "tabletWidth": null,
              "width": 5,
            },
            "ref": null,
            "rendered": Object {
              "instance": null,
              "key": undefined,
              "nodeType": "host",
              "props": Object {
                "children": Array [
                  <Unknown
                    className="icon__price-alert"
                  />,
                  "Price alerts",
                ],
                "className": "control-bar__price-alert",
              },
              "ref": null,
              "rendered": Array [
                Object {
                  "instance": null,
                  "key": undefined,
                  "nodeType": "function",
                  "props": Object {
                    "className": "icon__price-alert",
                  },
                  "ref": null,
                  "rendered": null,
                  "type": [Function],
                },
                "Price alerts",
              ],
              "type": "span",
            },
            "type": [Function],
          },
        ],
        "type": [Function],
      },
      "u",
    ],
    "type": [Function],
  },
  Symbol(enzyme.__nodes__): Array [
    Object {
      "instance": null,
      "key": undefined,
      "nodeType": "function",
      "props": Object {
        "children": Array [
          <BpkGridRow
            className={null}
            padded={true}
          >
            <BpkGridColumn
              className={null}
              debug={false}
              mobileOffset={null}
              mobileWidth={null}
              offset={null}
              padded={true}
              tabletOffset={null}
              tabletWidth={null}
              width={2}
            >
              Filter
            </BpkGridColumn>
            <BpkGridColumn
              className={null}
              debug={false}
              mobileOffset={null}
              mobileWidth={null}
              offset={null}
              padded={true}
              tabletOffset={null}
              tabletWidth={null}
              width={2}
            >
              Sort
            </BpkGridColumn>
            <BpkGridColumn
              className={null}
              debug={false}
              mobileOffset={null}
              mobileWidth={null}
              offset={3}
              padded={true}
              tabletOffset={null}
              tabletWidth={null}
              width={5}
            >
              <span
                className="control-bar__price-alert"
              >
                <Unknown
                  className="icon__price-alert"
                />
                Price alerts
              </span>
            </BpkGridColumn>
          </BpkGridRow>,
          "u",
        ],
        "className": "control-bar",
        "debug": false,
        "fullWidth": false,
      },
      "ref": null,
      "rendered": Array [
        Object {
          "instance": null,
          "key": undefined,
          "nodeType": "function",
          "props": Object {
            "children": Array [
              <BpkGridColumn
                className={null}
                debug={false}
                mobileOffset={null}
                mobileWidth={null}
                offset={null}
                padded={true}
                tabletOffset={null}
                tabletWidth={null}
                width={2}
              >
                Filter
              </BpkGridColumn>,
              <BpkGridColumn
                className={null}
                debug={false}
                mobileOffset={null}
                mobileWidth={null}
                offset={null}
                padded={true}
                tabletOffset={null}
                tabletWidth={null}
                width={2}
              >
                Sort
              </BpkGridColumn>,
              <BpkGridColumn
                className={null}
                debug={false}
                mobileOffset={null}
                mobileWidth={null}
                offset={3}
                padded={true}
                tabletOffset={null}
                tabletWidth={null}
                width={5}
              >
                <span
                  className="control-bar__price-alert"
                >
                  <Unknown
                    className="icon__price-alert"
                  />
                  Price alerts
                </span>
              </BpkGridColumn>,
            ],
            "className": null,
            "padded": true,
          },
          "ref": null,
          "rendered": Array [
            Object {
              "instance": null,
              "key": undefined,
              "nodeType": "function",
              "props": Object {
                "children": "Filter",
                "className": null,
                "debug": false,
                "mobileOffset": null,
                "mobileWidth": null,
                "offset": null,
                "padded": true,
                "tabletOffset": null,
                "tabletWidth": null,
                "width": 2,
              },
              "ref": null,
              "rendered": "Filter",
              "type": [Function],
            },
            Object {
              "instance": null,
              "key": undefined,
              "nodeType": "function",
              "props": Object {
                "children": "Sort",
                "className": null,
                "debug": false,
                "mobileOffset": null,
                "mobileWidth": null,
                "offset": null,
                "padded": true,
                "tabletOffset": null,
                "tabletWidth": null,
                "width": 2,
              },
              "ref": null,
              "rendered": "Sort",
              "type": [Function],
            },
            Object {
              "instance": null,
              "key": undefined,
              "nodeType": "function",
              "props": Object {
                "children": <span
                  className="control-bar__price-alert"
                >
                  <Unknown
                    className="icon__price-alert"
                  />
                  Price alerts
                </span>,
                "className": null,
                "debug": false,
                "mobileOffset": null,
                "mobileWidth": null,
                "offset": 3,
                "padded": true,
                "tabletOffset": null,
                "tabletWidth": null,
                "width": 5,
              },
              "ref": null,
              "rendered": Object {
                "instance": null,
                "key": undefined,
                "nodeType": "host",
                "props": Object {
                  "children": Array [
                    <Unknown
                      className="icon__price-alert"
                    />,
                    "Price alerts",
                  ],
                  "className": "control-bar__price-alert",
                },
                "ref": null,
                "rendered": Array [
                  Object {
                    "instance": null,
                    "key": undefined,
                    "nodeType": "function",
                    "props": Object {
                      "className": "icon__price-alert",
                    },
                    "ref": null,
                    "rendered": null,
                    "type": [Function],
                  },
                  "Price alerts",
                ],
                "type": "span",
              },
              "type": [Function],
            },
          ],
          "type": [Function],
        },
        "u",
      ],
      "type": [Function],
    },
  ],
  Symbol(enzyme.__options__): Object {
    "adapter": ReactFifteenAdapter {
      "options": Object {
        "supportPrevContextArgumentOfComponentDidUpdate": true,
      },
    },
  },
}
`;
